app/api/auth/signup/route.ts(2,10): error TS2614: Module '"@/lib/db"' has no exported member 'dbConnect'. Did you mean to use 'import dbConnect from "@/lib/db"' instead?
app/api/cart/route.ts(3,10): error TS2614: Module '"@/lib/db"' has no exported member 'dbConnect'. Did you mean to use 'import dbConnect from "@/lib/db"' instead?
app/api/create-order/route.ts(3,10): error TS2614: Module '"@/lib/db"' has no exported member 'dbConnect'. Did you mean to use 'import dbConnect from "@/lib/db"' instead?
app/api/verify-payment/route.ts(3,10): error TS2614: Module '"@/lib/db"' has no exported member 'dbConnect'. Did you mean to use 'import dbConnect from "@/lib/db"' instead?
app/page.tsx(1,10): error TS2614: Module '"@/lib/db"' has no exported member 'dbConnect'. Did you mean to use 'import dbConnect from "@/lib/db"' instead?
app/product/[slug]/page.tsx(1,10): error TS2614: Module '"@/lib/db"' has no exported member 'dbConnect'. Did you mean to use 'import dbConnect from "@/lib/db"' instead?
components/Header.tsx(56,21): error TS2322: Type '{ children: (false | Element)[]; class: string; }' is not assignable to type 'DetailedHTMLProps<HTMLAttributes<HTMLElement>, HTMLElement>'.
  Property 'class' does not exist on type 'DetailedHTMLProps<HTMLAttributes<HTMLElement>, HTMLElement>'. Did you mean 'className'?
lib/session.ts(1,10): error TS2724: '"iron-session"' has no exported member named 'IronSessionOptions'. Did you mean 'SessionOptions'?
models/Enquiry.ts(3,18): error TS2430: Interface 'IEnquiry' incorrectly extends interface 'Document<ObjectId, any, any, Record<string, any>, {}>'.
  Types of property 'model' are incompatible.
    Type 'string | undefined' is not assignable to type '{ <ModelType = Model<unknown, {}, {}, {}, Document<unknown, {}, unknown, {}, DefaultSchemaOptions> & { _id: ObjectId; } & { __v: number; } & { id: string; }, any, unknown>>(name: string): ModelType; <ModelType = Model<...>>(): ModelType; }'.
      Type 'undefined' is not assignable to type '{ <ModelType = Model<unknown, {}, {}, {}, Document<unknown, {}, unknown, {}, DefaultSchemaOptions> & { _id: ObjectId; } & { __v: number; } & { id: string; }, any, unknown>>(name: string): ModelType; <ModelType = Model<...>>(): ModelType; }'.
