app/[category]/page.tsx(103,17): error TS2339: Property 'date' does not exist on type 'IProduct & Required<{ _id: ObjectId; }> & { __v: number; }'.
app/[category]/page.tsx(103,26): error TS2339: Property 'date' does not exist on type 'IProduct & Required<{ _id: ObjectId; }> & { __v: number; }'.
app/[category]/page.tsx(117,104): error TS2339: Property 'date' does not exist on type 'IProduct & Required<{ _id: ObjectId; }> & { __v: number; }'.
app/[category]/page.tsx(117,113): error TS2339: Property 'date' does not exist on type 'IProduct & Required<{ _id: ObjectId; }> & { __v: number; }'.
